141
146
171
181
182
156
189
179
149
115
104
91
140
169
196
211
215
157
117
133
156
110
94
63
62
63
119
110
77
106
140
100
68
76
86
92
101
107
117
123
125
150
124
129
135
107
118
97
111
80
126
102
88
91
85
120
107
81
122
103
111
78
105
102
94
91
139
133
89
121
114
78
106
108
122
134
127
89
120
143
130
91
141
168
182
160
181
193
184
166
117
109
92
134
143
157
118
159
140
145
164
168
112
117
162
108
76
59
90
64
78
82
114
106
98
123
131
108
104
86
79
125
119
135
135
169
141
